
> ayush-systems@0.1.0 build
> next build

⚠ Invalid next.config.ts options detected: 
⚠     Unrecognized key(s) in object: 'reactCompiler' at "experimental"
⚠ See more info here: https://nextjs.org/docs/messages/invalid-next-config
⚠ `experimental.reactCompiler` has been moved to `reactCompiler`. Please update your next.config.ts file accordingly.
▲ Next.js 16.2.1 (Turbopack)
- Experiments (use with caution):
  ? reactCompiler (invalid experimental key)

  Creating an optimized production build ...

> Build error occurred
Error: Turbopack build failed with 3 errors:
./next.config.ts
Failed to resolve package babel-plugin-react-compiler while attempting to resolve React Compiler
React compiler is enabled in next.config.ts. We attempted to resolve React Compiler relative to the next package. Is babel-plugin-react-compiler installed in your node_modules directory?


./src/app/gallery/gallery.css
Error evaluating Node.js code
Error: It looks like you're trying to use `tailwindcss` directly as a PostCSS plugin. The PostCSS plugin has moved to a separate package, so to continue using Tailwind CSS with PostCSS you'll need to install `@tailwindcss/postcss` and update your PostCSS configuration.
    [at at (/Users/ayushshetty/Desktop/PortFolio/node_modules/tailwindcss/dist/lib.js:38:1643)]
    at pluginFactory (turbopack:///[turbopack-node]/transforms/postcss.ts:56:14) [/Users/ayushshetty/Desktop/PortFolio/.next/build/chunks/[root-of-the-server]__0d-m0h0._.js:140:20]
    [at <anonymous>]
    at map (turbopack:///[turbopack-node]/transforms/postcss.ts:43:33) [/Users/ayushshetty/Desktop/PortFolio/.next/build/chunks/[root-of-the-server]__0d-m0h0._.js:130:35]
    at init (turbopack:///[turbopack-node]/child_process/evaluate.ts:74:20) [/Users/ayushshetty/Desktop/PortFolio/.next/build/chunks/[root-of-the-server]__0ubbtyl._.js:429:26]
    [at process.processTicksAndRejections (node:internal/process/task_queues:104:5)]

Import trace:
  Client Component Browser:
    ./src/app/gallery/gallery.css [Client Component Browser]
    ./src/app/gallery/page.tsx [Client Component Browser]
    ./src/app/gallery/page.tsx [Server Component]


./src/app/globals.css
Error evaluating Node.js code
Error: It looks like you're trying to use `tailwindcss` directly as a PostCSS plugin. The PostCSS plugin has moved to a separate package, so to continue using Tailwind CSS with PostCSS you'll need to install `@tailwindcss/postcss` and update your PostCSS configuration.
    [at at (/Users/ayushshetty/Desktop/PortFolio/node_modules/tailwindcss/dist/lib.js:38:1643)]
    at pluginFactory (turbopack:///[turbopack-node]/transforms/postcss.ts:56:14) [/Users/ayushshetty/Desktop/PortFolio/.next/build/chunks/[root-of-the-server]__0d-m0h0._.js:140:20]
    [at <anonymous>]
    at map (turbopack:///[turbopack-node]/transforms/postcss.ts:43:33) [/Users/ayushshetty/Desktop/PortFolio/.next/build/chunks/[root-of-the-server]__0d-m0h0._.js:130:35]
    at init (turbopack:///[turbopack-node]/child_process/evaluate.ts:74:20) [/Users/ayushshetty/Desktop/PortFolio/.next/build/chunks/[root-of-the-server]__0ubbtyl._.js:429:26]
    [at process.processTicksAndRejections (node:internal/process/task_queues:104:5)]

Import trace:
  Client Component Browser:
    ./src/app/globals.css [Client Component Browser]
    ./src/app/layout.tsx [Server Component]


    at pluginFactory (turbopack:///[turbopack-node]/transforms/postcss.ts:56:14) [/Users/ayushshetty/Desktop/PortFolio/.next/build/chunks/[root-of-the-server]__0d-m0h0._.js:140:20])
    at map (turbopack:///[turbopack-node]/transforms/postcss.ts:43:33) [/Users/ayushshetty/Desktop/PortFolio/.next/build/chunks/[root-of-the-server]__0d-m0h0._.js:130:35])
    at init (turbopack:///[turbopack-node]/child_process/evaluate.ts:74:20) [/Users/ayushshetty/Desktop/PortFolio/.next/build/chunks/[root-of-the-server]__0ubbtyl._.js:429:26])
    at pluginFactory (turbopack:///[turbopack-node]/transforms/postcss.ts:56:14) [/Users/ayushshetty/Desktop/PortFolio/.next/build/chunks/[root-of-the-server]__0d-m0h0._.js:140:20])
    at map (turbopack:///[turbopack-node]/transforms/postcss.ts:43:33) [/Users/ayushshetty/Desktop/PortFolio/.next/build/chunks/[root-of-the-server]__0d-m0h0._.js:130:35])
    at init (turbopack:///[turbopack-node]/child_process/evaluate.ts:74:20) [/Users/ayushshetty/Desktop/PortFolio/.next/build/chunks/[root-of-the-server]__0ubbtyl._.js:429:26])
